// Jest Snapshot v1, https://goo.gl/fbAQLP

exports[`Log Entry class will render a JSON object correctly 1`] = `
{
  "air": [
    {
      "count": 2,
      "endPressure": 500,
      "hePercent": 0.4,
      "material": "fe",
      "name": "HP100",
      "o2Percent": 0.21,
      "pressureUnit": "psi",
      "startPressure": 3000,
      "volume": 100,
      "workingPressure": 3442,
    },
    {
      "count": 1,
      "endPressure": 500,
      "hePercent": 0,
      "material": "al",
      "name": "AL80",
      "o2Percent": 0.32,
      "pressureUnit": "psi",
      "startPressure": 3000,
      "volume": 80,
      "workingPressure": 3000,
    },
    {
      "count": 1,
      "endPressure": 1200,
      "hePercent": undefined,
      "material": "al",
      "name": "AL80",
      "o2Percent": 0.5,
      "pressureUnit": "psi",
      "startPressure": 2800,
      "volume": 80,
      "workingPressure": 3000,
    },
  ],
  "bottomTime": 45,
  "creator": {
    "avatar": "https://cloudflare-ipfs.com/ipfs/Qmd3W5DuhgHirLHGVixi6V76LhCkZUz6pnFt5AJBiyvHye/avatar/873.jpg",
    "location": "Underwater",
    "logBookSharing": "friends",
    "memberSince": 2021-01-01T00:00:00.000Z,
    "name": "Dan Diver",
    "userId": "5ac8b2c0-c9b7-4293-989c-13c2aa4e4dd5",
    "username": "Diver.Dan",
  },
  "duration": 50,
  "entryTime": {
    "date": "2021-01-01T12:34:56",
    "timezone": "America/Los_Angeles",
  },
  "id": "d02158b5-bcee-4923-93bb-35b5853b1e5d",
  "logNumber": 42,
  "maxDepth": {
    "depth": 30,
    "unit": "ft",
  },
  "notes": "This was a great dive!",
  "site": {
    "averageDifficulty": 2.2,
    "averageRating": 3.8,
    "createdOn": 2024-05-21T19:46:14.342Z,
    "creator": {
      "avatar": "https://cloudflare-ipfs.com/ipfs/Qmd3W5DuhgHirLHGVixi6V76LhCkZUz6pnFt5AJBiyvHye/avatar/873.jpg",
      "location": "Underwater",
      "logBookSharing": "friends",
      "memberSince": 2021-01-01T00:00:00.000Z,
      "name": "Dan Diver",
      "userId": "5ac8b2c0-c9b7-4293-989c-13c2aa4e4dd5",
      "username": "Diver.Dan",
    },
    "depth": {
      "depth": 21.8,
      "unit": "m",
    },
    "description": "A wet dive site",
    "directions": "Drive, and then take a boat",
    "freeToDive": true,
    "gps": {
      "lat": 1,
      "lon": 1,
    },
    "id": "b4afa428-eeb8-4bb3-935d-f124cc6c27f1",
    "location": "Ocean",
    "name": "Dive Site of Awesomeness",
    "shoreAccess": false,
    "updatedOn": 2024-05-21T19:46:14.342Z,
    "waterType": "salt",
  },
  "weights": {
    "unit": "lbs",
    "weight": 5.5,
  },
}
`;
