// Jest Snapshot v1, https://goo.gl/fbAQLP

exports[`EditEntryAir component will render correctly 1`] = `
"<div class="flex justify-evenly col-span-1 md:col-span-2 lg:col-span-4 order-3 md:order-3 mb-2" data-testid="tank-summary">
  <div class="text-center">
    <p class="font-bold">Working Pressure</p>
    <p class="font-mono text-sm">207bar </p>
  </div>
  <div class="text-center">
    <p class="font-bold">Volume</p>
    <p class="font-mono text-sm">1.8L</p>
  </div>
  <div class="text-center">
    <p class="font-bold">Material</p>
    <p class="font-mono text-sm">Aluminum</p>
  </div>
</div>"
`;

exports[`EditEntryAir component will render correctly if saved tank info does not match an item in the list 1`] = `
"<div class="flex justify-evenly col-span-1 md:col-span-2 lg:col-span-4 order-3 md:order-3 mb-2" data-testid="tank-summary">
  <div class="text-center">
    <p class="font-bold">Working Pressure</p>
    <p class="font-mono text-sm">207bar </p>
  </div>
  <div class="text-center">
    <p class="font-bold">Volume</p>
    <p class="font-mono text-sm">1.8L</p>
  </div>
  <div class="text-center">
    <p class="font-bold">Material</p>
    <p class="font-mono text-sm">Aluminum</p>
  </div>
</div>"
`;
