// Jest Snapshot v1, https://goo.gl/fbAQLP

exports[`CreateSiteWizard component will validate for invalid inputs 1`] = `"Unable to save new site. There are errors in the form above. Please resolve these issues and try again: Depth must be a positive number and no more than 300m (984ft)Latitude must be between -90.0 and 90.0Longitude must be between -180.0 and 180.0Location is requiredName is required"`;

exports[`CreateSiteWizard component will validate for missing fields 1`] = `"Unable to save new site. There are errors in the form above. Please resolve these issues and try again: Latitude is requiredLongitude is requiredLocation is requiredName is required"`;
