// Jest Snapshot v1, https://goo.gl/fbAQLP

exports[`Page Footer component will render correctly 1`] = `
"<section class="font-content text-grey-700 text-center h-36 pt-8">
  <p class="text-sm italic p-3">Copyright Â© Chris Carleton, 2024</p>
  <ul class="text-xs flex flex-wrap justify-center">
    <li><a href="#">Privacy Policy</a></li>
    <li class="p-0.5">|</li>
    <li><a href="#">Terms of Service</a></li>
    <li class="p-0.5">|</li>
    <li><a href="#">Cookie Policy</a></li>
    <li class="p-0.5">|</li>
    <li><a href="#">Contact</a></li>
  </ul>
</section>"
`;
