// Jest Snapshot v1, https://goo.gl/fbAQLP

exports[`DiveOperatorService when retrieving a single operator will return the operator if it exists 1`] = `
{
  "address": "2465 Dooley Underpass Suite 329, West Katlynnmouth, TN, 40833-9104",
  "banner": "https://picsum.photos/seed/cF1Zinstoe/1024/256",
  "createdAt": 2023-07-16T13:28:56.201Z,
  "description": "Averto ratione copiose. Taceo quae socius. Vitae cubicularis tam pauci conor amo.
Aegrotatio vomica collum antepono urbanus solvo abbas. Tendo toties virgo tum. Atque currus molestias error tergeo nihil vulgivagus in.",
  "email": "Keira74@hotmail.com",
  "gps": {
    "lat": 64.3579,
    "lon": -154.9367,
  },
  "id": "a46359de-bdb7-46bc-9ee0-90085fcbe8d0",
  "logo": "https://picsum.photos/seed/gMjmxsakh/128/128",
  "name": "Dietrich, Bahringer and O'Keefe",
  "owner": {
    "logBookSharing": "private",
    "memberSince": 1970-01-01T00:00:00.000Z,
    "userId": "",
    "username": "",
  },
  "phone": "1-684-857-4509 x0681",
  "socials": {
    "facebook": "Darlene.Greenfelder57",
    "instagram": "Dock_Fritsch16",
    "tiktok": "Carlotta30",
    "twitter": "Fanny.Ortiz62",
  },
  "updatedAt": 2024-03-11T06:19:38.027Z,
  "website": "https://altruistic-therapist.net",
}
`;

exports[`DiveOperatorService when searching for operators will perform a basic search with no parameters 1`] = `
{
  "address": "824 Nakia Neck Apt. 824, South Rowland, WV, 10452",
  "banner": undefined,
  "createdAt": 2023-09-10T10:16:31.272Z,
  "description": "Vis libero defleo administratio teneo est catena inflammatio ulciscor maxime. Sublime eaque commemoro animus. Libero auctus rem temptatio taceo subiungo tempore.
Pecco admoneo cena corrigo texo theca adicio alo tantillus vado. Vespillo certus vilicus cauda. Sui quo vociferor depereo una.",
  "email": "Kelli.Ebert@gmail.com",
  "gps": {
    "lat": 61.6177,
    "lon": -41.7225,
  },
  "id": "02cb3c18-12d7-49ce-a392-b85489537c16",
  "logo": "https://picsum.photos/seed/ZoNeHyGVS/128/128",
  "name": "Abernathy - Davis",
  "owner": {
    "avatar": "https://cloudflare-ipfs.com/ipfs/Qmd3W5DuhgHirLHGVixi6V76LhCkZUz6pnFt5AJBiyvHye/avatar/826.jpg",
    "location": "Rancho Cucamonga",
    "logBookSharing": "private",
    "memberSince": 2019-08-11T20:25:07.035Z,
    "name": "Sarah Okuneva",
    "userId": "d8026268-6625-4c2f-acdc-577aa8edb98d",
    "username": "Jacey_Bernier",
  },
  "phone": "275-980-5475 x8406",
  "socials": {
    "facebook": "Elouise95",
    "instagram": "Leonardo.Carter56",
    "tiktok": "Gerhard.Miller26",
    "twitter": "Britney47",
  },
  "updatedAt": 2024-02-20T04:54:25.169Z,
  "website": "https://united-spring.biz",
}
`;

exports[`DiveOperatorService when searching for operators will perform a basic search with no parameters 2`] = `
[
  "Abernathy - Davis",
  "Armstrong - Nader",
  "Barton Group",
  "Bauch, Kling and Huel",
  "Bayer Inc",
  "Bednar - Goldner",
  "Beer, Simonis and Hartmann",
  "Beier - Hoppe",
  "Bernier - Kunde",
  "Bernier, Hoppe and Stehr",
  "Blanda - Dare",
  "Blanda - Leffler",
  "Boehm and Sons",
  "Boehm, Gislason and Nolan",
  "Borer - Davis",
  "Bosco - Ankunding",
  "Boyle - West",
  "Brekke, Thompson and Mueller",
  "Brown LLC",
  "Carroll, Pacocha and Schamberger",
  "Casper - Heaney",
  "Champlin Inc",
  "Cole - Bahringer",
  "Conn - Bogisich",
  "Connelly LLC",
  "Conroy, Harris and Lakin",
  "Considine Inc",
  "Cormier Group",
  "Corwin, Skiles and Kris",
  "Crist Group",
  "Cummerata and Sons",
  "Dare LLC",
  "Deckow - Koch",
  "Deckow LLC",
  "Deckow and Sons",
  "Denesik Inc",
  "Dicki - Lueilwitz",
  "Dicki LLC",
  "Dietrich LLC",
  "Dietrich, Bahringer and O'Keefe",
  "Dooley - Bergnaum",
  "Douglas - Dach",
  "Emard, Rogahn and Crooks",
  "Fahey - Predovic",
  "Fay, Schiller and Krajcik",
  "Feeney - Lindgren",
  "Fisher - Grant",
  "Franey Group",
  "Franey Group",
  "Friesen - Mante",
]
`;

exports[`DiveOperatorService when searching for operators will perform a search for dive sites near a given location 1`] = `
[
  "Greenholt - Lesch",
  "Moore, Bosco and Bosco",
  "O'Conner - Skiles",
]
`;

exports[`DiveOperatorService when searching for operators will perform a search with a query string 1`] = `
[
  "Dietrich, Bahringer and O'Keefe",
  "Hand - Baumbach",
  "Hudson, Wehner and Donnelly",
  "Jerde, Grimes and Cummerata",
  "Mante Inc",
  "Murray, Kuhic and Abernathy",
  "Murray, Stehr and Kub",
  "Watsica, Gutmann and Smith",
  "Wunsch Inc",
]
`;

exports[`DiveOperatorService when searching for operators will perform a search with pagination 1`] = `
[
  "Dooley - Bergnaum",
  "Douglas - Dach",
  "Emard, Rogahn and Crooks",
  "Fahey - Predovic",
  "Fay, Schiller and Krajcik",
  "Feeney - Lindgren",
  "Fisher - Grant",
  "Franey Group",
  "Franey Group",
  "Friesen - Mante",
  "Friesen - Powlowski",
  "Funk, Hilll and Willms",
  "Gibson - Dietrich",
  "Gleichner, Rempel and Konopelski",
  "Glover and Sons",
  "Gottlieb Inc",
  "Grady - Lowe",
  "Grant - Schuster",
  "Greenfelder Inc",
  "Greenholt - Lesch",
]
`;
